// Jest Snapshot v1, https://goo.gl/fbAQLP

exports[`Render Home page 1`] = `
<div
  data-loaded={false}
  id="Home"
>
  <Component />
</div>
`;
