// Jest Snapshot v1, https://goo.gl/fbAQLP

exports[`Render MobileNavigation component 1`] = `
<section
  id="MobileNavigation"
>
  <div
    className="MobileNavigation__button"
    data-navMenu_Mobile={false}
    onClick={[Function]}
  >
    â˜°
  </div>
  <nav
    className="MobileNavigation__menu"
  >
    <ul
      className="MobileNavigation__list"
    />
  </nav>
</section>
`;
