// Jest Snapshot v1, https://goo.gl/fbAQLP

exports[`Render Header component 1`] = `
<header
  id="Header"
>
  <Navigation />
  <img
    className="Header__forkMe"
    data-visible={false}
    src="/dist/images/forkmeongithub.png"
  />
</header>
`;
