// Jest Snapshot v1, https://goo.gl/fbAQLP

exports[`Render DesktopNavigationInternalLink component 1`] = `
<li
  className="DesktopNavigationLink"
>
  <NavLink
    activeClassName="active"
    aria-current="page"
    className="DesktopNavigationLink__link"
  />
</li>
`;
