// Jest Snapshot v1, https://goo.gl/fbAQLP

exports[`Render DesktopNavigationExternalLink component 1`] = `
<li
  className="DesktopNavigationLink"
>
  <a
    className="DesktopNavigationLink__link"
    rel="noopener"
    target="_blank"
  />
</li>
`;
