// Jest Snapshot v1, https://goo.gl/fbAQLP

exports[`Render Mobile navigation component 1`] = `
<section
  id="MobileNavigation"
>
  <div
    className="MobileNavigation__button"
    onClick={[Function]}
  >
    â˜°
  </div>
  <aside
    className="MobileNavigation__menu"
    data-active={false}
  >
    <ul
      className="MobileNavigation__list"
    />
  </aside>
</section>
`;
