// Jest Snapshot v1, https://goo.gl/fbAQLP

exports[`Render Navigation component 1`] = `
<section
  id="Navigation"
>
  <Connect(HomeButton) />
  <DesktopNavigation
    external_links={
      Array [
        Object {
          "external": true,
          "href": "https://bergers.dev",
          "text": "Meet the Dev",
        },
        Object {
          "external": true,
          "href": "https://github.com/RobbyB97/JavascriptReactBoilerplate",
          "sublinks": Array [
            Object {
              "external": true,
              "href": "google.com",
              "text": "Google",
            },
            Object {
              "external": true,
              "href": "google.com",
              "text": "Test 2",
            },
          ],
          "text": "View on GitHub",
        },
      ]
    }
    internal_links={
      Array [
        Object {
          "route": "/",
          "sublinks": Array [
            Object {
              "route": "/",
              "text": "Home",
            },
          ],
          "text": "Home",
        },
      ]
    }
  />
  <Connect(MobileNavigation)
    external_links={
      Array [
        Object {
          "external": true,
          "href": "https://bergers.dev",
          "text": "Meet the Dev",
        },
        Object {
          "external": true,
          "href": "https://github.com/RobbyB97/JavascriptReactBoilerplate",
          "sublinks": Array [
            Object {
              "external": true,
              "href": "google.com",
              "text": "Google",
            },
            Object {
              "external": true,
              "href": "google.com",
              "text": "Test 2",
            },
          ],
          "text": "View on GitHub",
        },
      ]
    }
    internal_links={
      Array [
        Object {
          "route": "/",
          "sublinks": Array [
            Object {
              "route": "/",
              "text": "Home",
            },
          ],
          "text": "Home",
        },
      ]
    }
  />
</section>
`;
